// Jest Snapshot v1, https://goo.gl/fbAQLP

exports[`<DataCard /> match snapshot 1`] = `ReactWrapper {}`;
